###############################################################################
#
# IAR ELF Linker V9.10.1.308/W64 for ARM                  16/Dec/2024  16:05:39
# Copyright 2007-2021 IAR Systems AB.
#
#    Output file  =  D:\Fall 24 Projects\Embedded Project\Debug\Exe\test.out
#    Map file     =  D:\Fall 24 Projects\Embedded Project\Debug\List\test.map
#    Command line =
#        -f "D:\Fall 24 Projects\Embedded Project\Debug\Exe\test.out.rsp"
#        ("D:\Fall 24 Projects\Embedded Project\Debug\Obj\DIO.o" "D:\Fall 24
#        Projects\Embedded Project\Debug\Obj\main.o" "D:\Fall 24
#        Projects\Embedded Project\Debug\Obj\systc.o" --no_out_extension -o
#        "D:\Fall 24 Projects\Embedded Project\Debug\Exe\test.out" --redirect
#        _Printf=_PrintfFullNoMb --redirect _Scanf=_ScanfFullNoMb --map
#        "D:\Fall 24 Projects\Embedded Project\Debug\List\test.map" --config
#        "D:\IAR Systems\Embedded Workbench
#        9.0\arm\config\linker\TexasInstruments\TM4C123GH6.icf" --semihosting
#        D:\ti\TivaWare_C_Series-2.2.0.295\driverlib\ewarm\Exe\driverlib.a
#        --entry __iar_program_start --vfe --text_out locale)
#
###############################################################################

*******************************************************************************
*** RUNTIME MODEL ATTRIBUTES
***

CppFlavor       = *
__SystemLibrary = DLib
__dlib_version  = 6


*******************************************************************************
*** HEAP SELECTION
***

The basic heap was selected because no calls to memory allocation
functions were found in the application outside of system library
functions, and there are calls to deallocation functions in the
application.


*******************************************************************************
*** PLACEMENT SUMMARY
***

"A0":  place at address 0x0 { ro section .intvec };
"P1":  place in [from 0x0 to 0x3'ffff] { ro };
define block CSTACK with size = 4K, alignment = 8 { };
define block HEAP with size = 8K, alignment = 8 { };
"P2":  place in [from 0x2000'0000 to 0x2000'7fff] {
          rw, block CSTACK, block HEAP };

No sections matched the following patterns:

  rw  in "P2"


  Section   Kind         Address    Size  Object
  -------   ----         -------    ----  ------
"A0":                               0x40
  .intvec   ro code          0x0    0x40  vector_table_M.o [4]
                          - 0x40    0x40

"P1":                              0x244
  .text     ro code         0x40   0x1ac  main.o [1]
  .text     ro code        0x1ec    0x22  fpinit_M.o [3]
  .text     ro code        0x20e     0x2  vectortrap_M.o [4]
  .text     ro code        0x210    0x1e  cmain.o [4]
  .text     ro code        0x22e     0x4  low_level_init.o [2]
  .text     ro code        0x232     0x4  exit.o [2]
  .text     ro code        0x238     0xa  cexit.o [4]
  .text     ro code        0x244    0x14  exit.o [5]
  .text     ro code        0x258    0x1c  cstartup_M.o [4]
  .rodata   const          0x274     0x8  main.o [1]
  .rodata   const          0x27c     0x8  main.o [1]
                         - 0x284   0x244

"P2":                             0x1000
  CSTACK             0x2000'0000  0x1000  <Block>
    CSTACK  uninit   0x2000'0000  0x1000  <Block tail>
                   - 0x2000'1000  0x1000

Unused ranges:

         From           To      Size
         ----           --      ----
        0x284     0x3'ffff  0x3'fd7c
  0x2000'1000  0x2000'7fff    0x7000



*******************************************************************************
*** MODULE SUMMARY
***

    Module            ro code  ro data  rw data
    ------            -------  -------  -------
command line/config:
    -------------------------------------------
    Total:

D:\Fall 24 Projects\Embedded Project\Debug\Obj: [1]
    main.o                428       16
    -------------------------------------------
    Total:                428       16

dl7M_tln.a: [2]
    exit.o                  4
    low_level_init.o        4
    -------------------------------------------
    Total:                  8

m7M_tls.a: [3]
    fpinit_M.o             34
    -------------------------------------------
    Total:                 34

rt7M_tl.a: [4]
    cexit.o                10
    cmain.o                30
    cstartup_M.o           28
    vector_table_M.o       64
    vectortrap_M.o          2
    -------------------------------------------
    Total:                134

shb_l.a: [5]
    exit.o                 20
    -------------------------------------------
    Total:                 20

    Gaps                    4
    Linker created                        4'096
-----------------------------------------------
    Grand Total:          628       16    4'096


*******************************************************************************
*** ENTRY LIST
***

Entry                     Address  Size  Type      Object
-----                     -------  ----  ----      ------
?main                       0x211        Code  Gb  cmain.o [4]
BusFault_Handler            0x20f        Code  Wk  vectortrap_M.o [4]
CSTACK$$Base          0x2000'0000         --   Gb  - Linker created -
CSTACK$$Limit         0x2000'1000         --   Gb  - Linker created -
DebugMon_Handler            0x20f        Code  Wk  vectortrap_M.o [4]
HardFault_Handler           0x20f        Code  Wk  vectortrap_M.o [4]
MemManage_Handler           0x20f        Code  Wk  vectortrap_M.o [4]
NMI_Handler                 0x20f        Code  Wk  vectortrap_M.o [4]
PendSV_Handler              0x20f        Code  Wk  vectortrap_M.o [4]
Region$$Table$$Base           0x0         --   Gb  - Linker created -
Region$$Table$$Limit          0x0         --   Gb  - Linker created -
SVC_Handler                 0x20f        Code  Wk  vectortrap_M.o [4]
SysTick_Handler             0x20f        Code  Wk  vectortrap_M.o [4]
UART0_Init                   0x41  0x6c  Code  Gb  main.o [1]
UART0_ReadChar               0xc7  0x10  Code  Gb  main.o [1]
UART0_WriteString            0xad  0x1a  Code  Gb  main.o [1]
UsageFault_Handler          0x20f        Code  Wk  vectortrap_M.o [4]
__cmain                     0x211        Code  Gb  cmain.o [4]
__exit                      0x245  0x14  Code  Gb  exit.o [5]
__iar_init_vfp              0x1ed        Code  Gb  fpinit_M.o [3]
__iar_program_start         0x259        Code  Gb  cstartup_M.o [4]
__low_level_init            0x22f   0x4  Code  Gb  low_level_init.o [2]
__vector_table                0x0        Data  Gb  vector_table_M.o [4]
_call_main                  0x21d        Code  Gb  cmain.o [4]
_exit                       0x239        Code  Gb  cexit.o [4]
exit                        0x233   0x4  Code  Gb  exit.o [2]
init_gpio                    0xd7  0x54  Code  Gb  main.o [1]
main                        0x12b  0x6c  Code  Gb  main.o [1]


[1] = D:\Fall 24 Projects\Embedded Project\Debug\Obj
[2] = dl7M_tln.a
[3] = m7M_tls.a
[4] = rt7M_tl.a
[5] = shb_l.a

    628 bytes of readonly  code memory
     16 bytes of readonly  data memory
  4'096 bytes of readwrite data memory

Errors: none
Warnings: none
