###############################################################################
#
# IAR ELF Linker V9.32.2.340/W64 for ARM                  13/Dec/2024  17:21:18
# Copyright 2007-2023 IAR Systems AB.
#
#    Output file  =
#        E:\Lectures\Fourth year\First term\Embedded
#        3\Project\phase1\Debug\Exe\phase1.out
#    Map file     =
#        E:\Lectures\Fourth year\First term\Embedded
#        3\Project\phase1\Debug\List\phase1.map
#    Command line =
#        -f "E:\Lectures\Fourth year\First term\Embedded
#        3\Project\phase1\Debug\Exe\phase1.out.rsp" ("E:\Lectures\Fourth
#        year\First term\Embedded 3\Project\phase1\Debug\Obj\DIO.o"
#        "E:\Lectures\Fourth year\First term\Embedded
#        3\Project\phase1\Debug\Obj\GPIO.o" "E:\Lectures\Fourth year\First
#        term\Embedded 3\Project\phase1\Debug\Obj\main.o" "E:\Lectures\Fourth
#        year\First term\Embedded 3\Project\phase1\Debug\Obj\startup_ewarm.o"
#        "E:\Lectures\Fourth year\First term\Embedded
#        3\Project\phase1\Debug\Obj\systc.o" --no_out_extension -o
#        "E:\Lectures\Fourth year\First term\Embedded
#        3\Project\phase1\Debug\Exe\phase1.out" --redirect
#        _Printf=_PrintfFullNoMb --redirect _Scanf=_ScanfFullNoMb --map
#        "E:\Lectures\Fourth year\First term\Embedded
#        3\Project\phase1\Debug\List\phase1.map" --config
#        E:\Apps\IAR\arm/config/linker/TexasInstruments/TM4C123GH6.icf
#        --semihosting --entry __iar_program_start --vfe --text_out locale
#        --cpu=Cortex-M4 --fpu=VFPv4_sp)
#
###############################################################################

*******************************************************************************
*** RUNTIME MODEL ATTRIBUTES
***

CppFlavor       = *
__CPP_Runtime   = 1
__SystemLibrary = DLib
__dlib_version  = 6


*******************************************************************************
*** HEAP SELECTION
***

The basic heap was selected because --advanced_heap
was not specified and the application did not appear to
be primarily optimized for speed.


*******************************************************************************
*** PLACEMENT SUMMARY
***

"A0":  place at address 0x0 { ro section .intvec };
"P1":  place in [from 0x0 to 0x3'ffff] { ro };
define block CSTACK with size = 4K, alignment = 8 { };
define block HEAP with size = 8K, alignment = 8 { };
"P2":  place in [from 0x2000'0000 to 0x2000'7fff] {
          rw, block CSTACK, block HEAP };
do not initialize { rw section .noinit };

  Section  Kind         Address   Size  Object
  -------  ----         -------   ----  ------
"A0":                            0x268
  .intvec  const            0x0  0x268  startup_ewarm.o [1]
                        - 0x268  0x268

"P1":                            0x168
  .text    ro code        0x268   0xa4  main.o [1]
  .text    ro code        0x30c   0x1a  DIO.o [1]
  .text    ro code        0x328   0x22  fpinit_M.o [3]
  .text    ro code        0x34c   0x1e  startup_ewarm.o [1]
  .text    ro code        0x36c   0x1c  cstartup_M.o [4]
  .text    ro code        0x388   0x1e  cmain.o [4]
  .text    ro code        0x3a6    0x4  low_level_init.o [2]
  .text    ro code        0x3aa    0x4  exit.o [2]
  .text    ro code        0x3b0    0xa  cexit.o [4]
  .text    ro code        0x3bc   0x14  exit.o [5]
                        - 0x3d0  0x168

"P2":                            0x200
  .noinit  uninit   0x2000'0000  0x200  startup_ewarm.o [1]
                  - 0x2000'0200  0x200

Unused ranges:

         From           To      Size
         ----           --      ----
        0x3d0     0x3'ffff  0x3'fc30
  0x2000'0200  0x2000'7fff    0x7e00



*******************************************************************************
*** MODULE SUMMARY
***

    Module            ro code  ro data  rw data
    ------            -------  -------  -------
command line/config:
    -------------------------------------------
    Total:

E:\Lectures\Fourth year\First term\Embedded 3\Project\phase1\Debug\Obj: [1]
    DIO.o                  26
    main.o                164
    startup_ewarm.o        30      616      512
    -------------------------------------------
    Total:                220      616      512

dl7M_tln.a: [2]
    exit.o                  4
    low_level_init.o        4
    -------------------------------------------
    Total:                  8

m7M_tls.a: [3]
    fpinit_M.o             34
    -------------------------------------------
    Total:                 34

rt7M_tl.a: [4]
    cexit.o                10
    cmain.o                30
    cstartup_M.o           28
    -------------------------------------------
    Total:                 68

shb_l.a: [5]
    exit.o                 20
    -------------------------------------------
    Total:                 20

    Gaps                   10
-----------------------------------------------
    Grand Total:          360      616      512


*******************************************************************************
*** ENTRY LIST
***

Entry                     Address   Size  Type      Object
-----                     -------   ----  ----      ------
?main                       0x389         Code  Gb  cmain.o [4]
FaultISR                    0x367    0x2  Code  Lc  startup_ewarm.o [1]
IntDefaultHandler           0x369    0x2  Code  Lc  startup_ewarm.o [1]
NmiSR                       0x365    0x2  Code  Lc  startup_ewarm.o [1]
Region$$Table$$Base           0x0          --   Gb  - Linker created -
Region$$Table$$Limit          0x0          --   Gb  - Linker created -
ResetISR                    0x34d   0x12  Code  Gb  startup_ewarm.o [1]
__cmain                     0x389         Code  Gb  cmain.o [4]
__exit                      0x3bd   0x14  Code  Gb  exit.o [5]
__iar_init_vfp              0x329         Code  Gb  fpinit_M.o [3]
__iar_program_start         0x36d         Code  Gb  cstartup_M.o [4]
__low_level_init            0x3a7    0x4  Code  Gb  low_level_init.o [2]
__vector_table                0x0  0x268  Data  Gb  startup_ewarm.o [1]
_call_main                  0x395         Code  Gb  cmain.o [4]
_exit                       0x3b1         Code  Gb  cexit.o [4]
delay                       0x30d   0x1a  Code  Gb  DIO.o [1]
exit                        0x3ab    0x4  Code  Gb  exit.o [2]
main                        0x269   0xa4  Code  Gb  main.o [1]
pui32Stack            0x2000'0000  0x200  Data  Lc  startup_ewarm.o [1]


[1] = E:\Lectures\Fourth year\First term\Embedded 3\Project\phase1\Debug\Obj
[2] = dl7M_tln.a
[3] = m7M_tls.a
[4] = rt7M_tl.a
[5] = shb_l.a

  360 bytes of readonly  code memory
  616 bytes of readonly  data memory
  512 bytes of readwrite data memory

Errors: none
Warnings: none
